
> dashboard-bot@0.1.0 build
> next build --no-lint

node.exe :  ÔÜá Linting is disabled.
Au caractère Ligne:1 : 1
+ & "C:\Program Files\nodejs/node.exe" "C:\Users\Kyusa\AppData\Roaming\ ...
+ ~~~~~~~~~~~~~~~~~~~~~~~~~~~~~~~~~~~~~~~~~~~~~~~~~~~~~~~~~~~~~~~~~~~~~
    + CategoryInfo          : NotSpecified: ( ÔÜá Linting is disabled.:String) [], RemoteE 
   xception
    + FullyQualifiedErrorId : NativeCommandError
 
   Ôû▓ Next.js 15.3.3
   - Environments: .env.local

   Creating an optimized production build ...
Failed to compile.

./src/app/dashboard/boutique/page.tsx
Error:   [31mx[0m Unexpected token `WithMaintenanceCheck`. Expected jsx identifier
     ,-[[36;1;4mC:\Users\Kyusa\Documents\Kint 
dashboard\dashboard-bot\src\app\dashboard\boutique\page.tsx[0m:432:1]
 [2m429[0m |     }
 [2m430[0m | 
 [2m431[0m |     return (
 [2m432[0m |         <WithMaintenanceCheck pageId="boutique">
     : [35;1m         ^^^^^^^^^^^^^^^^^^^^[0m
 [2m433[0m |             <div className="space-y-8">
 [2m434[0m |                 {/* Success Notification */}
 [2m434[0m |                 <AnimatePresence>
     `----

Caused by:
    Syntax Error

Import trace for requested module:
./src/app/dashboard/boutique/page.tsx


> Build failed because of webpack errors
